{"device":"golden","model":"GT-I8190","name":"Galaxy+S3+Mini"}