{"device":"golden","model":"GT-I8190T","name":"Galaxy+S3+Mini"}