{"device":"golden","model":"GT-I8190L","name":"Galaxy+S3+Mini"}