{"device":"golden","model":"GT-I8190N","name":"Galaxy+S3+Mini"}